---
source: src/parser.rs
assertion_line: 730
expression: result
---
- Assignment:
    lhs:
      Var: x
    rhs:
      BinOp:
        op: And
        lhs:
          BinOp:
            op: And
            lhs:
              Numeral: 1
            rhs:
              Numeral: 2
        rhs:
          Numeral: 3
    local: false
