---
source: src/parser.rs
assertion_line: 338
expression: expr
---
- Assignment:
    variable: x
    value:
      BinOp:
        op: And
        lhs:
          BinOp:
            op: Plus
            lhs:
              Numeral: 1
            rhs:
              Numeral: 2
        rhs:
          BinOp:
            op: Plus
            lhs:
              Numeral: 3
            rhs:
              Numeral: 4
